// Jest Snapshot v1, https://goo.gl/fbAQLP

exports[`probeImageSize - no loaders previous 1`] = `
"
      module.exports = {
        src:  __dirname + 'some/path/to/image.png',
        height: 100,
        width: 200
      }
    "
`;

exports[`probeImageSize - some loaders previous 1`] = `
"module.exports = {
      src: __dirname + 'some/path/to/image.png',
      lqip: 'path/to/lqip'
   , height: 100, width: 200 };"
`;
